*** a ***
pKa      =  -5.70
pKa_lfit =   3.44
Gmodel   =   4.69
=================
*** b ***
pKa      =  -9.19
pKa_lfit =   1.26
Gmodel   =   1.71
=================
*** c ***
pKa      =  -6.93
pKa_lfit =   2.67
Gmodel   =   3.64
=================
*** d ***
pKa      =   8.93
pKa_lfit =  12.56
Gmodel   =  17.14
=================
